
> space-time-continuum@ build C:\Users\waqar\Documents\TheSpaceTimeContinuum
> tsx tools/validate-catalog.ts && pnpm --filter web build

Validated 21 catalog bodies

> web@ build C:\Users\waqar\Documents\TheSpaceTimeContinuum\apps\web
> next build

▲ Next.js 16.3.6 (Turbopack)
✓ Running next.config.ts took 37ms

  Creating an optimized production build ...
✓ Compiled successfully in 2.0s
  Running TypeScript ...
  Finished TypeScript in 3.1s ...
  Collecting page data using 8 workers ...
  Generating static pages using 8 workers (0/7) ...
  Generating static pages using 8 workers (1/7) 
  Generating static pages using 8 workers (3/7) 
  Generating static pages using 8 workers (5/7) 
✓ Generating static pages using 8 workers (7/7) in 775ms
  Finalizing page optimization ...

Route (app)
┌ ○ /
├ ○ /_not-found
├ ○ /about/data
├ ○ /lab/poc
├ ○ /lab/precision
└ ○ /lab/probe


○  (Static)  prerendered as static content

